0.7071068
0.6123724
0.4677072
0.3852759
0.3093592
0.2509747
0.2028243
0.1641555
0.1327838
0.1074308
------------
1.2148438
0.6240234
1.1611328